<html>
<body>
<pre>
<h1>µVision Build Log</h1>
<h2>Tool Versions:</h2>
IDE-Version: ¦ÌVision V5.21.1.0
Copyright (C) 2016 ARM Ltd and ARM Germany GmbH. All rights reserved.
License Information: smith HomorSmith, turing, LIC=----
 
Tool Versions:
Toolchain:       MDK-Lite  Version: 5.21a
Toolchain Path:  E:\Soft\mdk\ARM\ARMCC\Bin
C Compiler:      Armcc.exe V5.06 update 3 (build 300)
Assembler:       Armasm.exe V5.06 update 3 (build 300)
Linker/Locator:  ArmLink.exe V5.06 update 3 (build 300)
Library Manager: ArmAr.exe V5.06 update 3 (build 300)
Hex Converter:   FromElf.exe V5.06 update 3 (build 300)
CPU DLL:         SARMCM3.DLL V5.21a
Dialog DLL:      DCM.DLL V1.13.8.0
Target DLL:      CMSIS_AGDI.dll V1.26.5.0
Dialog DLL:      TCM.DLL V1.14.14.0
 
<h2>Project:</h2>
E:\STM32\6_TIM\PROJECT\systick_led.uvprojx
Project File Date:  09/28/2016

<h2>Output:</h2>
*** Using Compiler 'V5.06 update 3 (build 300)', folder: 'E:\Soft\mdk\ARM\ARMCC\Bin'
Build target 'Target 1'
compiling main.c...
..\USER\main.c(13): warning:  #223-D: function "USART1_Config" declared implicitly
  	USART1_Config();
..\USER\main.c(17): warning:  #223-D: function "TIM_Cmd" declared implicitly
  	
TART_TIME;
..\USER\main.c: 2 warnings, 0 errors
linking...
Program Size: Code=2840 RO-data=336 RW-data=28 ZI-data=1028  
"..\OUTPUT\systick_led.axf" - 0 Error(s), 2 Warning(s).

<h2>Collection of Component include folders:</h2>
  E:\STM32\6_TIM\PROJECT\RTE
  E:\Soft\mdk\ARM\PACK\Keil\STM32F1xx_DFP\2.1.0\Device\Include

<h2>Collection of Component Files used:</h2>
Build Time Elapsed:  00:00:00
</pre>
</body>
</html>
